[student@workstation ~]$ lab start operators-web
SUCCESS Waiting for cluster
SUCCESS Remove file-integrity-operator operator
[student@workstation ~]$ 
[student@workstation ~]$ 
[student@workstation ~]$ oc login -u admin -p redhatocp https://api.ocp4.example.com:6443 
Login successful.

You have access to 71 projects, the list has been suppressed. You can list all projects with 'oc projects'

Using project "default".
[student@workstation ~]$ 
[student@workstation ~]$ 
[student@workstation ~]$ oc whoami --show-console 
https://console-openshift-console.apps.ocp4.example.com
[student@workstation ~]$ 
[student@workstation ~]$ 
[student@workstation ~]$ firefox $(oc whoami --show-console) &
[1] 51621
[student@workstation ~]$ Crash Annotation GraphicsCriticalError: |[0][GFX1-]: Unrecognized feature VIDEO_OVERLAY (t=3.56277) [GFX1-]: Unrecognized feature VIDEO_OVERLAY

###!!! [Child][RunMessage] Error: Channel closing: too late to send/recv, messages will be lost


###!!! [Parent][MessageChannel] Error: (msgtype=0x1F0011,name=PBackgroundStorage::Msg_Observe) Channel error: cannot send/recv


###!!! [Parent][MessageChannel] Error: (msgtype=0x1F0011,name=PBackgroundStorage::Msg_Observe) Channel error: cannot send/recv


###!!! [Parent][RunMessage] Error: Channel closing: too late to send/recv, messages will be lost


[1]+  Done                    firefox $(oc whoami --show-console)
[student@workstation ~]$ 
[student@workstation ~]$ firefox $(oc whoami --show-console) &
[1] 52430
[student@workstation ~]$ 
[student@workstation ~]$ 
[student@workstation ~]$ 
[student@workstation ~]$ 
[student@workstation ~]$ 
[student@workstation ~]$ error: unable to determine console location: Unauthorized
Crash Annotation GraphicsCriticalError: |[0][GFX1-]: Unrecognized feature VIDEO_OVERLAY (t=33.3707) [GFX1-]: Unrecognized feature VIDEO_OVERLAY

###!!! [Child][RunMessage] Error: Channel closing: too late to send/recv, messages will be lost


###!!! [Child][RunMessage] Error: Channel closing: too late to send/recv, messages will be lost


###!!! [Child][RunMessage] Error: Channel closing: too late to send/recv, messages will be lost


###!!! [Child][RunMessage] Error: Channel closing: too late to send/recv, messages will be lost


###!!! [Child][RunMessage] Error: Channel closing: too late to send/recv, messages will be lost


[1]+  Done                    firefox $(oc whoami --show-console)
[student@workstation ~]$ 
[student@workstation ~]$ 
[student@workstation ~]$ oc login -u admin -p redhatocp https://api.ocp4.example.com:6443 
Login successful.

You have access to 72 projects, the list has been suppressed. You can list all projects with 'oc projects'

Using project "default".
[student@workstation ~]$ firefox $(oc whoami --show-console) &
[1] 52816
[student@workstation ~]$ Crash Annotation GraphicsCriticalError: |[0][GFX1-]: Unrecognized feature VIDEO_OVERLAY (t=3.98365) [GFX1-]: Unrecognized feature VIDEO_OVERLAY

[1]+  Done                    firefox $(oc whoami --show-console)
[student@workstation ~]$ 
[student@workstation ~]$ lab finish operators-web
SUCCESS Remove file-integrity-operator operator
[student@workstation ~]$ 
[student@workstation ~]$ 
[student@workstation ~]$ 

